Error: ('Syntax error at symbol ', LexToken(SYMBOL,')',1,28))
